0
1
2
3
4
5
6
7
8
9
Not between 0 and 9
Not between 0 and 9
