1
2
3
Something else
10
100
Something else
Something else