one
bar one
two
bar two
big
bar big
other
bar other
