32808470
167452457
200260927
334904914
469548901
502357371
637001358
771645345
804453815
939097802
