mexpr
let a = negi 3 in
let b = a in
let c = b in
c
