mexpr
let bool_and = lam b1. lam b2.
  if b1 then b2 else false
in 42
