01.0e+1
11.100000e+1
21.199999e+1
31.300000e+1
41.399999e+1
