01234
01234
12
0.00.00.00.0
0.00.00.00.0
1.0e-02.0e+0
